// Jest Snapshot v1, https://goo.gl/fbAQLP

exports[`Test for status Test for snapshot rendered 1`] = `
<div
  class="active"
  data-testid="status-test"
>
  active
</div>
`;
