// Jest Snapshot v1, https://goo.gl/fbAQLP

exports[`If Button works properly If snapshot rendered 1`] = `
<button
  data-testid="button-test"
  type="submit"
>
  Button
</button>
`;
