// Jest Snapshot v1, https://goo.gl/fbAQLP

exports[`Test for header component Test for rendered snapshot 1`] = `
<div
  class="header"
  data-testid="header-test"
>
  <div
    class="logo-wrapper"
  >
    <img
      class="logo"
      src="/assets/img/kv-logo.png"
    />
  </div>
</div>
`;
